-------- day 1 --------
name, sellIn, quality
Elixir of the Mongoose, 10, 1

-------- day 2 --------
name, sellIn, quality
Elixir of the Mongoose, 9, 0

-------- day 3 --------
name, sellIn, quality
Elixir of the Mongoose, 8, 0

