-------- day 0 --------
name, sellIn, quality
Aged Brie, 50, 1

-------- day 1 --------
name, sellIn, quality
Aged Brie, 49, 2

-------- day 2 --------
name, sellIn, quality
Aged Brie, 48, 3

-------- day 3 --------
name, sellIn, quality
Aged Brie, 47, 4

-------- day 4 --------
name, sellIn, quality
Aged Brie, 46, 5

-------- day 5 --------
name, sellIn, quality
Aged Brie, 45, 6

-------- day 6 --------
name, sellIn, quality
Aged Brie, 44, 7

-------- day 7 --------
name, sellIn, quality
Aged Brie, 43, 8

-------- day 8 --------
name, sellIn, quality
Aged Brie, 42, 9

-------- day 9 --------
name, sellIn, quality
Aged Brie, 41, 10

-------- day 10 --------
name, sellIn, quality
Aged Brie, 40, 11

