-------- day 0 --------
name, sellIn, quality
Backstage passes to a TAFKAL80ETC concert, 10, 10

-------- day 1 --------
name, sellIn, quality
Backstage passes to a TAFKAL80ETC concert, 9, 12

