-------- day 0 --------
name, sellIn, quality
Backstage passes to a TAFKAL80ETC concert, 1, 10

-------- day 1 --------
name, sellIn, quality
Backstage passes to a TAFKAL80ETC concert, 0, 13

-------- day 2 --------
name, sellIn, quality
Backstage passes to a TAFKAL80ETC concert, -1, 0

