-------- day 0 --------
name, sellIn, quality
Sulfuras, Hand of Ragnaros, 10, 80

-------- day 1 --------
name, sellIn, quality
Sulfuras, Hand of Ragnaros, 10, 80

